
> music@1.0.0 build
> vite build

[36mvite v7.3.1 [32mbuilding client environment for production...[36m[39m
transforming...
[32m???[39m 8 modules transformed.
node.exe : 
[31m???[39m Build 
failed in 753ms
At C:\Program Files\n
odejs\npm.ps1:29 
char:3
+   & $NODE_EXE 
$NPM_CLI_JS $args
+   ~~~~~~~~~~~~~~~~~
~~~~~~~~~~~~
    + CategoryInfo   
           : NotSpe  
  cified: ([31m??   
 ?[39m Build fai    
led in 753ms:Str    
ing) [], RemoteE    
xception
    + FullyQualified 
   ErrorId : Native  
  CommandError
 
[31merror during 
build:
[31m[vite:css] 
[postcss] It looks 
like you're trying 
to use `tailwindcss` 
directly as a 
PostCSS plugin. The 
PostCSS plugin has 
moved to a separate 
package, so to 
continue using 
Tailwind CSS with 
PostCSS you'll need 
to install `@tailwind
css/postcss` and 
update your PostCSS 
configuration.[31m
file: [36mC:/Users/P
rabhakar Srivastav/Do
wnloads/Music/src/ind
ex.css:undefined:NaN
[31m
    at lt 
(C:\Users\Prabhakar S
rivastav\Downloads\Mu
sic\node_modules\tail
windcss\dist\lib.js:3
8:1643)
    at 
LazyResult.runOnRoot 
(C:\Users\Prabhakar S
rivastav\Downloads\Mu
sic\node_modules\post
css\lib\lazy-result.j
s:361:16)
    at 
LazyResult.runAsync 
(C:\Users\Prabhakar S
rivastav\Downloads\Mu
sic\node_modules\post
css\lib\lazy-result.j
s:290:26)
    at 
LazyResult.async 
(C:\Users\Prabhakar S
rivastav\Downloads\Mu
sic\node_modules\post
css\lib\lazy-result.j
s:192:30)
    at 
LazyResult.then 
(C:\Users\Prabhakar S
rivastav\Downloads\Mu
sic\node_modules\post
css\lib\lazy-result.j
s:436:17)[39m
